// Jest Snapshot v1, https://goo.gl/fbAQLP

exports[`pruebas en el <CounterApp > Debe mostrar <Counter App> correctamente 1`] = `
<div>
  <h3>
    ----------------- Counter App ---------------
  </h3>
  <h2>
    10
  </h2>
  <button
    onClick={[Function]}
  >
    1+
  </button>
  <button
    onClick={[Function]}
  >
    Reset
  </button>
  <button
    onClick={[Function]}
  >
    1-
  </button>
</div>
`;
